[0m09:46:37.386852 [debug] [MainThread]: Sending event: {'category': 'dbt', 'action': 'invocation', 'label': 'start', 'context': [<snowplow_tracker.self_describing_json.SelfDescribingJson object at 0x77821e544c10>, <snowplow_tracker.self_describing_json.SelfDescribingJson object at 0x77821e544e90>, <snowplow_tracker.self_describing_json.SelfDescribingJson object at 0x77821e546050>]}


============================== 09:46:37.428735 | e61cbe02-39a8-4cf1-aeaf-c8156f8ecbb1 ==============================
[0m09:46:37.428735 [info ] [MainThread]: Running with dbt=1.11.11
[0m09:46:37.432962 [debug] [MainThread]: running dbt with arguments {'target_path': 'None', 'cache_selected_only': 'False', 'write_json': 'True', 'log_cache_events': 'False', 'warn_error': 'None', 'use_colors': 'True', 'warn_error_options': 'WarnErrorOptionsV2(error=[], warn=[], silence=[])', 'use_experimental_parser': 'False', 'send_anonymous_usage_stats': 'True', 'invocation_command': 'dbt debug', 'printer_width': '80', 'static_parser': 'True', 'quiet': 'False', 'indirect_selection': 'eager', 'no_print': 'None', 'log_format': 'default', 'version_check': 'True', 'empty': 'None', 'profiles_dir': '/usr/app/dbt', 'fail_fast': 'False', 'partial_parse': 'True', 'debug': 'False', 'log_path': '/usr/app/dbt/logs', 'introspect': 'True'}
[0m09:46:37.454450 [info ] [MainThread]: dbt version: 1.11.11
[0m09:46:37.457647 [info ] [MainThread]: python version: 3.11.15
[0m09:46:37.460644 [info ] [MainThread]: python path: /usr/local/bin/python3.11
[0m09:46:37.465848 [info ] [MainThread]: os info: Linux-6.6.87.2-microsoft-standard-WSL2-x86_64-with-glibc2.41
[0m09:46:37.598854 [info ] [MainThread]: Using profiles dir at /usr/app/dbt
[0m09:46:37.601001 [info ] [MainThread]: Using profiles.yml file at /usr/app/dbt/profiles.yml
[0m09:46:37.602716 [info ] [MainThread]: Using dbt_project.yml file at /usr/app/dbt/dbt_project.yml
[0m09:46:37.605414 [info ] [MainThread]: adapter type: postgres
[0m09:46:37.607990 [info ] [MainThread]: adapter version: 1.10.2
[0m09:46:37.827815 [info ] [MainThread]: Configuration:
[0m09:46:37.832562 [info ] [MainThread]:   profiles.yml file [[32mOK found and valid[0m]
[0m09:46:37.834959 [info ] [MainThread]:   dbt_project.yml file [[32mOK found and valid[0m]
[0m09:46:37.837085 [info ] [MainThread]: Required dependencies:
[0m09:46:37.839399 [debug] [MainThread]: Executing "git --help"
[0m09:46:37.845456 [debug] [MainThread]: STDOUT: "b"usage: git [-v | --version] [-h | --help] [-C <path>] [-c <name>=<value>]\n           [--exec-path[=<path>]] [--html-path] [--man-path] [--info-path]\n           [-p | --paginate | -P | --no-pager] [--no-replace-objects] [--no-lazy-fetch]\n           [--no-optional-locks] [--no-advice] [--bare] [--git-dir=<path>]\n           [--work-tree=<path>] [--namespace=<name>] [--config-env=<name>=<envvar>]\n           <command> [<args>]\n\nThese are common Git commands used in various situations:\n\nstart a working area (see also: git help tutorial)\n   clone     Clone a repository into a new directory\n   init      Create an empty Git repository or reinitialize an existing one\n\nwork on the current change (see also: git help everyday)\n   add       Add file contents to the index\n   mv        Move or rename a file, a directory, or a symlink\n   restore   Restore working tree files\n   rm        Remove files from the working tree and from the index\n\nexamine the history and state (see also: git help revisions)\n   bisect    Use binary search to find the commit that introduced a bug\n   diff      Show changes between commits, commit and working tree, etc\n   grep      Print lines matching a pattern\n   log       Show commit logs\n   show      Show various types of objects\n   status    Show the working tree status\n\ngrow, mark and tweak your common history\n   branch    List, create, or delete branches\n   commit    Record changes to the repository\n   merge     Join two or more development histories together\n   rebase    Reapply commits on top of another base tip\n   reset     Reset current HEAD to the specified state\n   switch    Switch branches\n   tag       Create, list, delete or verify a tag object signed with GPG\n\ncollaborate (see also: git help workflows)\n   fetch     Download objects and refs from another repository\n   pull      Fetch from and integrate with another repository or a local branch\n   push      Update remote refs along with associated objects\n\n'git help -a' and 'git help -g' list available subcommands and some\nconcept guides. See 'git help <command>' or 'git help <concept>'\nto read about a specific subcommand or concept.\nSee 'git help git' for an overview of the system.\n""
[0m09:46:37.849888 [debug] [MainThread]: STDERR: "b''"
[0m09:46:37.852022 [info ] [MainThread]:  - git [[32mOK found[0m]

[0m09:46:37.854162 [info ] [MainThread]: Connection:
[0m09:46:37.856140 [info ] [MainThread]:   host: postgres
[0m09:46:37.859357 [info ] [MainThread]:   port: 5432
[0m09:46:37.865943 [info ] [MainThread]:   user: airflow
[0m09:46:37.870241 [info ] [MainThread]:   database: airflow
[0m09:46:37.873027 [info ] [MainThread]:   schema: raw
[0m09:46:37.875215 [info ] [MainThread]:   connect_timeout: 10
[0m09:46:37.877697 [info ] [MainThread]:   role: None
[0m09:46:37.886498 [info ] [MainThread]:   search_path: None
[0m09:46:37.888817 [info ] [MainThread]:   keepalives_idle: 0
[0m09:46:37.890938 [info ] [MainThread]:   sslmode: None
[0m09:46:37.893137 [info ] [MainThread]:   sslcert: None
[0m09:46:37.895320 [info ] [MainThread]:   sslkey: None
[0m09:46:37.901211 [info ] [MainThread]:   sslrootcert: None
[0m09:46:37.903523 [info ] [MainThread]:   application_name: dbt
[0m09:46:37.906309 [info ] [MainThread]:   retries: 1
[0m09:46:37.909514 [info ] [MainThread]: Registered adapter: postgres=1.10.2
[0m09:46:38.074816 [debug] [MainThread]: Acquiring new postgres connection 'debug'
[0m09:46:38.129663 [debug] [MainThread]: Using postgres connection "debug"
[0m09:46:38.132543 [debug] [MainThread]: On debug: select 1 as id
[0m09:46:38.134614 [debug] [MainThread]: Opening a new connection, currently in state init
[0m09:46:38.148838 [debug] [MainThread]: SQL status: SELECT 1 in 0.014 seconds
[0m09:46:38.152300 [debug] [MainThread]: On debug: Close
[0m09:46:38.154330 [info ] [MainThread]:   Connection test: [[32mOK connection ok[0m]

[0m09:46:38.156746 [info ] [MainThread]: [32mAll checks passed![0m
[0m09:46:38.192179 [debug] [MainThread]: Resource report: {"command_name": "debug", "command_success": true, "command_wall_clock_time": 0.9872165, "process_in_blocks": "120", "process_kernel_time": 0.301822, "process_mem_max_rss": "121304", "process_out_blocks": "88", "process_user_time": 2.370891}
[0m09:46:38.194497 [debug] [MainThread]: Command `dbt debug` succeeded at 09:46:38.194200 after 0.99 seconds
[0m09:46:38.197050 [debug] [MainThread]: Connection 'debug' was properly closed.
[0m09:46:38.199266 [debug] [MainThread]: Sending event: {'category': 'dbt', 'action': 'invocation', 'label': 'end', 'context': [<snowplow_tracker.self_describing_json.SelfDescribingJson object at 0x77821d173a50>, <snowplow_tracker.self_describing_json.SelfDescribingJson object at 0x7782230f9690>, <snowplow_tracker.self_describing_json.SelfDescribingJson object at 0x7782230f9790>]}
[0m09:46:38.201026 [debug] [MainThread]: Flushing usage events
[0m09:46:39.973031 [debug] [MainThread]: An error was encountered while trying to flush usage events
[0m10:00:46.822743 [debug] [MainThread]: Sending event: {'category': 'dbt', 'action': 'invocation', 'label': 'start', 'context': [<snowplow_tracker.self_describing_json.SelfDescribingJson object at 0x7cec7dfd84d0>, <snowplow_tracker.self_describing_json.SelfDescribingJson object at 0x7cec7df16a10>, <snowplow_tracker.self_describing_json.SelfDescribingJson object at 0x7cec8287b0d0>]}


============================== 10:00:46.828340 | e2c1da18-75a3-4f9d-a9b7-9c578fe021fb ==============================
[0m10:00:46.828340 [info ] [MainThread]: Running with dbt=1.11.11
[0m10:00:46.830304 [debug] [MainThread]: running dbt with arguments {'no_print': 'None', 'write_json': 'True', 'indirect_selection': 'eager', 'log_path': '/usr/app/dbt/logs', 'log_format': 'default', 'use_colors': 'True', 'static_parser': 'True', 'log_cache_events': 'False', 'partial_parse': 'True', 'target_path': 'None', 'empty': 'False', 'send_anonymous_usage_stats': 'True', 'invocation_command': 'dbt run', 'debug': 'False', 'quiet': 'False', 'fail_fast': 'False', 'cache_selected_only': 'False', 'introspect': 'True', 'warn_error': 'None', 'warn_error_options': 'WarnErrorOptionsV2(error=[], warn=[], silence=[])', 'profiles_dir': '/usr/app/dbt', 'version_check': 'True', 'printer_width': '80', 'use_experimental_parser': 'False'}
[0m10:00:47.103119 [debug] [MainThread]: Sending event: {'category': 'dbt', 'action': 'project_id', 'label': 'e2c1da18-75a3-4f9d-a9b7-9c578fe021fb', 'context': [<snowplow_tracker.self_describing_json.SelfDescribingJson object at 0x7cec7d1a3fd0>]}
[0m10:00:47.182348 [debug] [MainThread]: Sending event: {'category': 'dbt', 'action': 'adapter_info', 'label': 'e2c1da18-75a3-4f9d-a9b7-9c578fe021fb', 'context': [<snowplow_tracker.self_describing_json.SelfDescribingJson object at 0x7cec80f8c090>]}
[0m10:00:47.185487 [info ] [MainThread]: Registered adapter: postgres=1.10.2
[0m10:00:47.274426 [debug] [MainThread]: checksum: 30a8cc8fdcbf66701b0944d4ccce3fa46dd04b61e5df68b9f16d57b2e0e3f0be, vars: {}, profile: , target: , version: 1.11.11
[0m10:00:47.281639 [info ] [MainThread]: Unable to do partial parsing because saved manifest not found. Starting full parse.
[0m10:00:47.284700 [debug] [MainThread]: Sending event: {'category': 'dbt', 'action': 'partial_parser', 'label': 'e2c1da18-75a3-4f9d-a9b7-9c578fe021fb', 'context': [<snowplow_tracker.self_describing_json.SelfDescribingJson object at 0x7cec7de67dd0>]}
[0m10:00:49.336177 [warn ] [MainThread]: [[33mWARNING[0m]: Configuration paths exist in your dbt_project.yml file which do not apply to any resources.
There are 2 unused configuration paths:
- models.data_connector_dbt.intermediate
- models.data_connector_dbt.marts
[0m10:00:49.351929 [debug] [MainThread]: Sending event: {'category': 'dbt', 'action': 'load_project', 'label': 'e2c1da18-75a3-4f9d-a9b7-9c578fe021fb', 'context': [<snowplow_tracker.self_describing_json.SelfDescribingJson object at 0x7cec7b934590>]}
[0m10:00:49.489920 [debug] [MainThread]: Wrote artifact WritableManifest to /usr/app/dbt/target/manifest.json
[0m10:00:49.503275 [debug] [MainThread]: Wrote artifact SemanticManifest to /usr/app/dbt/target/semantic_manifest.json
[0m10:00:49.573684 [debug] [MainThread]: Sending event: {'category': 'dbt', 'action': 'resource_counts', 'label': 'e2c1da18-75a3-4f9d-a9b7-9c578fe021fb', 'context': [<snowplow_tracker.self_describing_json.SelfDescribingJson object at 0x7cec7b9fb750>]}
[0m10:00:49.576013 [info ] [MainThread]: Found 1 model, 1 source, 475 macros
[0m10:00:49.578092 [debug] [MainThread]: Sending event: {'category': 'dbt', 'action': 'runnable_timing', 'label': 'e2c1da18-75a3-4f9d-a9b7-9c578fe021fb', 'context': [<snowplow_tracker.self_describing_json.SelfDescribingJson object at 0x7cec7b58bb90>]}
[0m10:00:49.582752 [info ] [MainThread]: 
[0m10:00:49.585948 [info ] [MainThread]: Concurrency: 4 threads (target='dev')
[0m10:00:49.588065 [info ] [MainThread]: 
[0m10:00:49.590756 [debug] [MainThread]: Acquiring new postgres connection 'master'
[0m10:00:49.594278 [debug] [ThreadPool]: Acquiring new postgres connection 'list_airflow'
[0m10:00:49.644338 [debug] [ThreadPool]: Using postgres connection "list_airflow"
[0m10:00:49.645839 [debug] [ThreadPool]: On list_airflow: /* {"app": "dbt", "dbt_version": "1.11.11", "profile_name": "data_connector", "target_name": "dev", "connection_name": "list_airflow"} */

    select distinct nspname from pg_namespace
  
[0m10:00:49.647362 [debug] [ThreadPool]: Opening a new connection, currently in state init
[0m10:00:49.658637 [debug] [ThreadPool]: SQL status: SELECT 8 in 0.011 seconds
[0m10:00:49.662043 [debug] [ThreadPool]: On list_airflow: Close
[0m10:00:49.666162 [debug] [ThreadPool]: Re-using an available connection from the pool (formerly list_airflow, now list_airflow_raw)
[0m10:00:49.675435 [debug] [ThreadPool]: Using postgres connection "list_airflow_raw"
[0m10:00:49.677368 [debug] [ThreadPool]: On list_airflow_raw: /* {"app": "dbt", "dbt_version": "1.11.11", "profile_name": "data_connector", "target_name": "dev", "connection_name": "list_airflow_raw"} */
select
      'airflow' as database,
      tablename as name,
      schemaname as schema,
      'table' as type
    from pg_tables
    where schemaname ilike 'raw'
    union all
    select
      'airflow' as database,
      viewname as name,
      schemaname as schema,
      'view' as type
    from pg_views
    where schemaname ilike 'raw'
    union all
    select
      'airflow' as database,
      matviewname as name,
      schemaname as schema,
      'materialized_view' as type
    from pg_matviews
    where schemaname ilike 'raw'
  
[0m10:00:49.679625 [debug] [ThreadPool]: Opening a new connection, currently in state closed
[0m10:00:49.697623 [debug] [ThreadPool]: SQL status: SELECT 0 in 0.018 seconds
[0m10:00:49.700441 [debug] [ThreadPool]: On list_airflow_raw: ROLLBACK
[0m10:00:49.702865 [debug] [ThreadPool]: On list_airflow_raw: Close
[0m10:00:49.710342 [debug] [MainThread]: Using postgres connection "master"
[0m10:00:49.712061 [debug] [MainThread]: On master: /* {"app": "dbt", "dbt_version": "1.11.11", "profile_name": "data_connector", "target_name": "dev", "connection_name": "master"} */
select distinct
        dependent_namespace.nspname as dependent_schema,
        dependent_class.relname as dependent_name,
        referenced_namespace.nspname as referenced_schema,
        referenced_class.relname as referenced_name

    -- Query for views: views are entries in pg_class with an entry in pg_rewrite, but we avoid
    -- a seq scan on pg_rewrite by leveraging the fact there is an "internal" row in pg_depend for
    -- the view...
    from pg_class as dependent_class
    join pg_namespace as dependent_namespace on dependent_namespace.oid = dependent_class.relnamespace
    join pg_depend as dependent_depend on dependent_depend.refobjid = dependent_class.oid
        and dependent_depend.classid = 'pg_rewrite'::regclass
        and dependent_depend.refclassid = 'pg_class'::regclass
        and dependent_depend.deptype = 'i'

    -- ... and via pg_depend (that has a row per column, hence the need for "distinct" above, and
    -- making sure to exclude the internal row to avoid a view appearing to depend on itself)...
    join pg_depend as joining_depend on joining_depend.objid = dependent_depend.objid
        and joining_depend.classid = 'pg_rewrite'::regclass
        and joining_depend.refclassid = 'pg_class'::regclass
        and joining_depend.refobjid != dependent_depend.refobjid

    -- ... we can find the tables they query from in pg_class, but excluding system tables. Note we
    -- don't need need to exclude _dependent_ system tables, because they only query from other
    -- system tables, and so are automatically excluded by excluding _referenced_ system tables
    join pg_class as referenced_class on referenced_class.oid = joining_depend.refobjid
    join pg_namespace as referenced_namespace on referenced_namespace.oid = referenced_class.relnamespace
        and referenced_namespace.nspname != 'information_schema'
        and referenced_namespace.nspname not like 'pg\_%'

    order by
        dependent_schema, dependent_name, referenced_schema, referenced_name;
[0m10:00:49.713898 [debug] [MainThread]: Opening a new connection, currently in state init
[0m10:00:49.734991 [debug] [MainThread]: SQL status: SELECT 0 in 0.021 seconds
[0m10:00:49.737715 [debug] [MainThread]: Sending event: {'category': 'dbt', 'action': 'runnable_timing', 'label': 'e2c1da18-75a3-4f9d-a9b7-9c578fe021fb', 'context': [<snowplow_tracker.self_describing_json.SelfDescribingJson object at 0x7cec7bd76190>]}
[0m10:00:49.739567 [debug] [MainThread]: On master: ROLLBACK
[0m10:00:49.741210 [debug] [MainThread]: On master: COMMIT
[0m10:00:49.742743 [debug] [MainThread]: Using postgres connection "master"
[0m10:00:49.744047 [debug] [MainThread]: On master: COMMIT
[0m10:00:49.746395 [debug] [MainThread]: SQL status: COMMIT in 0.001 seconds
[0m10:00:49.749254 [debug] [MainThread]: On master: Close
[0m10:00:49.761256 [debug] [Thread-1 (]: Began running node model.data_connector_dbt.stg_csv
[0m10:00:49.763160 [info ] [Thread-1 (]: 1 of 1 START sql view model raw.stg_csv ........................................ [RUN]
[0m10:00:49.765344 [debug] [Thread-1 (]: Re-using an available connection from the pool (formerly list_airflow_raw, now model.data_connector_dbt.stg_csv)
[0m10:00:49.768058 [debug] [Thread-1 (]: Began compiling node model.data_connector_dbt.stg_csv
[0m10:00:49.778264 [debug] [Thread-1 (]: Writing injected SQL for node "model.data_connector_dbt.stg_csv"
[0m10:00:49.819321 [debug] [Thread-1 (]: Began executing node model.data_connector_dbt.stg_csv
[0m10:00:49.875411 [debug] [Thread-1 (]: Writing runtime sql for node "model.data_connector_dbt.stg_csv"
[0m10:00:49.921826 [debug] [Thread-1 (]: Using postgres connection "model.data_connector_dbt.stg_csv"
[0m10:00:49.933244 [debug] [Thread-1 (]: On model.data_connector_dbt.stg_csv: /* {"app": "dbt", "dbt_version": "1.11.11", "profile_name": "data_connector", "target_name": "dev", "node_id": "model.data_connector_dbt.stg_csv"} */

  create view "airflow"."raw"."stg_csv__dbt_tmp"
    
    
  as (
    -- models/staging/stg_orders.sql

select *
from "airflow"."PUBLIC"."tbl_user_csv"
  );
[0m10:00:49.938867 [debug] [Thread-1 (]: Opening a new connection, currently in state closed
[0m10:00:49.955076 [debug] [Thread-1 (]: Postgres adapter: Postgres error: relation "PUBLIC.tbl_user_csv" does not exist
LINE 10: from "airflow"."PUBLIC"."tbl_user_csv"
              ^

[0m10:00:49.958400 [debug] [Thread-1 (]: On model.data_connector_dbt.stg_csv: ROLLBACK
[0m10:00:49.960911 [debug] [Thread-1 (]: On model.data_connector_dbt.stg_csv: Close
[0m10:00:49.971317 [debug] [Thread-1 (]: Database Error in model stg_csv (models/staging/stg_csv.sql)
  relation "PUBLIC.tbl_user_csv" does not exist
  LINE 10: from "airflow"."PUBLIC"."tbl_user_csv"
                ^
  compiled code at target/run/data_connector_dbt/models/staging/stg_csv.sql
[0m10:00:49.975037 [debug] [Thread-1 (]: Sending event: {'category': 'dbt', 'action': 'run_model', 'label': 'e2c1da18-75a3-4f9d-a9b7-9c578fe021fb', 'context': [<snowplow_tracker.self_describing_json.SelfDescribingJson object at 0x7cec790ddad0>]}
[0m10:00:49.977051 [error] [Thread-1 (]: 1 of 1 ERROR creating sql view model raw.stg_csv ............................... [[31mERROR[0m in 0.21s]
[0m10:00:49.979929 [debug] [Thread-1 (]: Finished running node model.data_connector_dbt.stg_csv
[0m10:00:49.982731 [debug] [Thread-7 (]: Marking all children of 'model.data_connector_dbt.stg_csv' to be skipped because of status 'error'.  Reason: Database Error in model stg_csv (models/staging/stg_csv.sql)
  relation "PUBLIC.tbl_user_csv" does not exist
  LINE 10: from "airflow"."PUBLIC"."tbl_user_csv"
                ^
  compiled code at target/run/data_connector_dbt/models/staging/stg_csv.sql.
[0m10:00:49.988447 [debug] [MainThread]: On master: COMMIT
[0m10:00:49.990470 [debug] [MainThread]: Using postgres connection "master"
[0m10:00:49.992455 [debug] [MainThread]: On master: COMMIT
[0m10:00:49.994332 [debug] [MainThread]: Opening a new connection, currently in state closed
[0m10:00:50.003434 [debug] [MainThread]: SQL status: COMMIT in 0.009 seconds
[0m10:00:50.005884 [debug] [MainThread]: On master: Close
[0m10:00:50.008709 [debug] [MainThread]: Connection 'master' was properly closed.
[0m10:00:50.011041 [debug] [MainThread]: Connection 'model.data_connector_dbt.stg_csv' was properly closed.
[0m10:00:50.013110 [info ] [MainThread]: 
[0m10:00:50.016308 [info ] [MainThread]: Finished running 1 view model in 0 hours 0 minutes and 0.42 seconds (0.42s).
[0m10:00:50.019793 [debug] [MainThread]: Command end result
[0m10:00:50.096808 [debug] [MainThread]: Wrote artifact WritableManifest to /usr/app/dbt/target/manifest.json
[0m10:00:50.112491 [debug] [MainThread]: Wrote artifact SemanticManifest to /usr/app/dbt/target/semantic_manifest.json
[0m10:00:50.129547 [debug] [MainThread]: Wrote artifact RunExecutionResult to /usr/app/dbt/target/run_results.json
[0m10:00:50.131588 [info ] [MainThread]: 
[0m10:00:50.135390 [info ] [MainThread]: [31mCompleted with 1 error, 0 partial successes, and 0 warnings:[0m
[0m10:00:50.137243 [info ] [MainThread]: 
[0m10:00:50.139182 [error] [MainThread]: [31mFailure in model stg_csv (models/staging/stg_csv.sql)[0m
[0m10:00:50.140821 [error] [MainThread]:   Database Error in model stg_csv (models/staging/stg_csv.sql)
  relation "PUBLIC.tbl_user_csv" does not exist
  LINE 10: from "airflow"."PUBLIC"."tbl_user_csv"
                ^
  compiled code at target/run/data_connector_dbt/models/staging/stg_csv.sql
[0m10:00:50.142728 [info ] [MainThread]: 
[0m10:00:50.144874 [info ] [MainThread]:   compiled code at target/compiled/data_connector_dbt/models/staging/stg_csv.sql
[0m10:00:50.147001 [info ] [MainThread]: 
[0m10:00:50.151263 [info ] [MainThread]: Done. PASS=0 WARN=0 ERROR=1 SKIP=0 NO-OP=0 TOTAL=1
[0m10:00:50.154822 [debug] [MainThread]: Resource report: {"command_name": "run", "command_success": false, "command_wall_clock_time": 3.4555447, "process_in_blocks": "224", "process_kernel_time": 0.396872, "process_mem_max_rss": "136004", "process_out_blocks": "120", "process_user_time": 4.245336}
[0m10:00:50.156974 [debug] [MainThread]: Command `dbt run` failed at 10:00:50.156774 after 3.46 seconds
[0m10:00:50.158872 [debug] [MainThread]: Sending event: {'category': 'dbt', 'action': 'invocation', 'label': 'end', 'context': [<snowplow_tracker.self_describing_json.SelfDescribingJson object at 0x7cec7dfdb150>, <snowplow_tracker.self_describing_json.SelfDescribingJson object at 0x7cec7dfda0d0>, <snowplow_tracker.self_describing_json.SelfDescribingJson object at 0x7cec7efc2710>]}
[0m10:00:50.160490 [debug] [MainThread]: Flushing usage events
[0m10:00:51.535273 [debug] [MainThread]: An error was encountered while trying to flush usage events
[0m10:02:06.456216 [debug] [MainThread]: Sending event: {'category': 'dbt', 'action': 'invocation', 'label': 'start', 'context': [<snowplow_tracker.self_describing_json.SelfDescribingJson object at 0x72d521df1290>, <snowplow_tracker.self_describing_json.SelfDescribingJson object at 0x72d521d42550>, <snowplow_tracker.self_describing_json.SelfDescribingJson object at 0x72d521df0a10>]}


============================== 10:02:06.464991 | b2309322-2a50-48f3-842b-d79b9776fd99 ==============================
[0m10:02:06.464991 [info ] [MainThread]: Running with dbt=1.11.11
[0m10:02:06.474050 [debug] [MainThread]: running dbt with arguments {'introspect': 'True', 'quiet': 'False', 'empty': 'False', 'profiles_dir': '/usr/app/dbt', 'warn_error': 'None', 'use_experimental_parser': 'False', 'fail_fast': 'False', 'target_path': 'None', 'no_print': 'None', 'indirect_selection': 'eager', 'log_format': 'default', 'partial_parse': 'True', 'printer_width': '80', 'send_anonymous_usage_stats': 'True', 'warn_error_options': 'WarnErrorOptionsV2(error=[], warn=[], silence=[])', 'invocation_command': 'dbt run', 'write_json': 'True', 'version_check': 'True', 'log_cache_events': 'False', 'log_path': '/usr/app/dbt/logs', 'static_parser': 'True', 'use_colors': 'True', 'debug': 'False', 'cache_selected_only': 'False'}
[0m10:02:06.836261 [debug] [MainThread]: Sending event: {'category': 'dbt', 'action': 'project_id', 'label': 'b2309322-2a50-48f3-842b-d79b9776fd99', 'context': [<snowplow_tracker.self_describing_json.SelfDescribingJson object at 0x72d522c45310>]}
[0m10:02:06.951993 [debug] [MainThread]: Sending event: {'category': 'dbt', 'action': 'adapter_info', 'label': 'b2309322-2a50-48f3-842b-d79b9776fd99', 'context': [<snowplow_tracker.self_describing_json.SelfDescribingJson object at 0x72d524d9c190>]}
[0m10:02:06.955060 [info ] [MainThread]: Registered adapter: postgres=1.10.2
[0m10:02:07.073517 [debug] [MainThread]: checksum: 30a8cc8fdcbf66701b0944d4ccce3fa46dd04b61e5df68b9f16d57b2e0e3f0be, vars: {}, profile: , target: , version: 1.11.11
[0m10:02:07.493963 [debug] [MainThread]: Partial parsing enabled: 0 files deleted, 0 files added, 1 files changed.
[0m10:02:07.496848 [debug] [MainThread]: Partial parsing: updated file: data_connector_dbt://models/sources.yml
[0m10:02:08.037043 [warn ] [MainThread]: [[33mWARNING[0m]: Configuration paths exist in your dbt_project.yml file which do not apply to any resources.
There are 2 unused configuration paths:
- models.data_connector_dbt.marts
- models.data_connector_dbt.intermediate
[0m10:02:08.052339 [debug] [MainThread]: Sending event: {'category': 'dbt', 'action': 'load_project', 'label': 'b2309322-2a50-48f3-842b-d79b9776fd99', 'context': [<snowplow_tracker.self_describing_json.SelfDescribingJson object at 0x72d520f17690>]}
[0m10:02:08.219936 [debug] [MainThread]: Wrote artifact WritableManifest to /usr/app/dbt/target/manifest.json
[0m10:02:08.230976 [debug] [MainThread]: Wrote artifact SemanticManifest to /usr/app/dbt/target/semantic_manifest.json
[0m10:02:08.256198 [debug] [MainThread]: Sending event: {'category': 'dbt', 'action': 'resource_counts', 'label': 'b2309322-2a50-48f3-842b-d79b9776fd99', 'context': [<snowplow_tracker.self_describing_json.SelfDescribingJson object at 0x72d51f3825d0>]}
[0m10:02:08.258000 [info ] [MainThread]: Found 1 model, 1 source, 475 macros
[0m10:02:08.262156 [debug] [MainThread]: Sending event: {'category': 'dbt', 'action': 'runnable_timing', 'label': 'b2309322-2a50-48f3-842b-d79b9776fd99', 'context': [<snowplow_tracker.self_describing_json.SelfDescribingJson object at 0x72d520fcc0d0>]}
[0m10:02:08.269610 [info ] [MainThread]: 
[0m10:02:08.272124 [info ] [MainThread]: Concurrency: 4 threads (target='dev')
[0m10:02:08.276874 [info ] [MainThread]: 
[0m10:02:08.280210 [debug] [MainThread]: Acquiring new postgres connection 'master'
[0m10:02:08.283719 [debug] [ThreadPool]: Acquiring new postgres connection 'list_airflow'
[0m10:02:08.335633 [debug] [ThreadPool]: Using postgres connection "list_airflow"
[0m10:02:08.338783 [debug] [ThreadPool]: On list_airflow: /* {"app": "dbt", "dbt_version": "1.11.11", "profile_name": "data_connector", "target_name": "dev", "connection_name": "list_airflow"} */

    select distinct nspname from pg_namespace
  
[0m10:02:08.341600 [debug] [ThreadPool]: Opening a new connection, currently in state init
[0m10:02:08.353366 [debug] [ThreadPool]: SQL status: SELECT 8 in 0.012 seconds
[0m10:02:08.356586 [debug] [ThreadPool]: On list_airflow: Close
[0m10:02:08.361154 [debug] [ThreadPool]: Re-using an available connection from the pool (formerly list_airflow, now list_airflow_raw)
[0m10:02:08.369304 [debug] [ThreadPool]: Using postgres connection "list_airflow_raw"
[0m10:02:08.371240 [debug] [ThreadPool]: On list_airflow_raw: /* {"app": "dbt", "dbt_version": "1.11.11", "profile_name": "data_connector", "target_name": "dev", "connection_name": "list_airflow_raw"} */
select
      'airflow' as database,
      tablename as name,
      schemaname as schema,
      'table' as type
    from pg_tables
    where schemaname ilike 'raw'
    union all
    select
      'airflow' as database,
      viewname as name,
      schemaname as schema,
      'view' as type
    from pg_views
    where schemaname ilike 'raw'
    union all
    select
      'airflow' as database,
      matviewname as name,
      schemaname as schema,
      'materialized_view' as type
    from pg_matviews
    where schemaname ilike 'raw'
  
[0m10:02:08.373183 [debug] [ThreadPool]: Opening a new connection, currently in state closed
[0m10:02:08.385030 [debug] [ThreadPool]: SQL status: SELECT 0 in 0.012 seconds
[0m10:02:08.388025 [debug] [ThreadPool]: On list_airflow_raw: ROLLBACK
[0m10:02:08.390367 [debug] [ThreadPool]: On list_airflow_raw: Close
[0m10:02:08.397699 [debug] [MainThread]: Using postgres connection "master"
[0m10:02:08.399590 [debug] [MainThread]: On master: /* {"app": "dbt", "dbt_version": "1.11.11", "profile_name": "data_connector", "target_name": "dev", "connection_name": "master"} */
select distinct
        dependent_namespace.nspname as dependent_schema,
        dependent_class.relname as dependent_name,
        referenced_namespace.nspname as referenced_schema,
        referenced_class.relname as referenced_name

    -- Query for views: views are entries in pg_class with an entry in pg_rewrite, but we avoid
    -- a seq scan on pg_rewrite by leveraging the fact there is an "internal" row in pg_depend for
    -- the view...
    from pg_class as dependent_class
    join pg_namespace as dependent_namespace on dependent_namespace.oid = dependent_class.relnamespace
    join pg_depend as dependent_depend on dependent_depend.refobjid = dependent_class.oid
        and dependent_depend.classid = 'pg_rewrite'::regclass
        and dependent_depend.refclassid = 'pg_class'::regclass
        and dependent_depend.deptype = 'i'

    -- ... and via pg_depend (that has a row per column, hence the need for "distinct" above, and
    -- making sure to exclude the internal row to avoid a view appearing to depend on itself)...
    join pg_depend as joining_depend on joining_depend.objid = dependent_depend.objid
        and joining_depend.classid = 'pg_rewrite'::regclass
        and joining_depend.refclassid = 'pg_class'::regclass
        and joining_depend.refobjid != dependent_depend.refobjid

    -- ... we can find the tables they query from in pg_class, but excluding system tables. Note we
    -- don't need need to exclude _dependent_ system tables, because they only query from other
    -- system tables, and so are automatically excluded by excluding _referenced_ system tables
    join pg_class as referenced_class on referenced_class.oid = joining_depend.refobjid
    join pg_namespace as referenced_namespace on referenced_namespace.oid = referenced_class.relnamespace
        and referenced_namespace.nspname != 'information_schema'
        and referenced_namespace.nspname not like 'pg\_%'

    order by
        dependent_schema, dependent_name, referenced_schema, referenced_name;
[0m10:02:08.401964 [debug] [MainThread]: Opening a new connection, currently in state init
[0m10:02:08.412508 [debug] [MainThread]: SQL status: SELECT 0 in 0.011 seconds
[0m10:02:08.415531 [debug] [MainThread]: Sending event: {'category': 'dbt', 'action': 'runnable_timing', 'label': 'b2309322-2a50-48f3-842b-d79b9776fd99', 'context': [<snowplow_tracker.self_describing_json.SelfDescribingJson object at 0x72d51fbdb2d0>]}
[0m10:02:08.417448 [debug] [MainThread]: On master: ROLLBACK
[0m10:02:08.419328 [debug] [MainThread]: On master: COMMIT
[0m10:02:08.420894 [debug] [MainThread]: Using postgres connection "master"
[0m10:02:08.422076 [debug] [MainThread]: On master: COMMIT
[0m10:02:08.424554 [debug] [MainThread]: SQL status: COMMIT in 0.001 seconds
[0m10:02:08.428459 [debug] [MainThread]: On master: Close
[0m10:02:08.435475 [debug] [Thread-1 (]: Began running node model.data_connector_dbt.stg_csv
[0m10:02:08.437773 [info ] [Thread-1 (]: 1 of 1 START sql view model raw.stg_csv ........................................ [RUN]
[0m10:02:08.440014 [debug] [Thread-1 (]: Re-using an available connection from the pool (formerly list_airflow_raw, now model.data_connector_dbt.stg_csv)
[0m10:02:08.442704 [debug] [Thread-1 (]: Began compiling node model.data_connector_dbt.stg_csv
[0m10:02:08.455840 [debug] [Thread-1 (]: Writing injected SQL for node "model.data_connector_dbt.stg_csv"
[0m10:02:08.472982 [debug] [Thread-1 (]: Began executing node model.data_connector_dbt.stg_csv
[0m10:02:08.527885 [debug] [Thread-1 (]: Writing runtime sql for node "model.data_connector_dbt.stg_csv"
[0m10:02:08.544710 [debug] [Thread-1 (]: Using postgres connection "model.data_connector_dbt.stg_csv"
[0m10:02:08.546483 [debug] [Thread-1 (]: On model.data_connector_dbt.stg_csv: /* {"app": "dbt", "dbt_version": "1.11.11", "profile_name": "data_connector", "target_name": "dev", "node_id": "model.data_connector_dbt.stg_csv"} */

  create view "airflow"."raw"."stg_csv__dbt_tmp"
    
    
  as (
    -- models/staging/stg_orders.sql

select *
from "airflow"."raw"."tbl_user_csv"
  );
[0m10:02:08.548283 [debug] [Thread-1 (]: Opening a new connection, currently in state closed
[0m10:02:08.555909 [debug] [Thread-1 (]: Postgres adapter: Postgres error: relation "raw.tbl_user_csv" does not exist
LINE 10: from "airflow"."raw"."tbl_user_csv"
              ^

[0m10:02:08.557901 [debug] [Thread-1 (]: On model.data_connector_dbt.stg_csv: ROLLBACK
[0m10:02:08.561078 [debug] [Thread-1 (]: On model.data_connector_dbt.stg_csv: Close
[0m10:02:08.567100 [debug] [Thread-1 (]: Database Error in model stg_csv (models/staging/stg_csv.sql)
  relation "raw.tbl_user_csv" does not exist
  LINE 10: from "airflow"."raw"."tbl_user_csv"
                ^
  compiled code at target/run/data_connector_dbt/models/staging/stg_csv.sql
[0m10:02:08.570851 [debug] [Thread-1 (]: Sending event: {'category': 'dbt', 'action': 'run_model', 'label': 'b2309322-2a50-48f3-842b-d79b9776fd99', 'context': [<snowplow_tracker.self_describing_json.SelfDescribingJson object at 0x72d51f37a990>]}
[0m10:02:08.573380 [error] [Thread-1 (]: 1 of 1 ERROR creating sql view model raw.stg_csv ............................... [[31mERROR[0m in 0.13s]
[0m10:02:08.576656 [debug] [Thread-1 (]: Finished running node model.data_connector_dbt.stg_csv
[0m10:02:08.579241 [debug] [Thread-7 (]: Marking all children of 'model.data_connector_dbt.stg_csv' to be skipped because of status 'error'.  Reason: Database Error in model stg_csv (models/staging/stg_csv.sql)
  relation "raw.tbl_user_csv" does not exist
  LINE 10: from "airflow"."raw"."tbl_user_csv"
                ^
  compiled code at target/run/data_connector_dbt/models/staging/stg_csv.sql.
[0m10:02:08.584337 [debug] [MainThread]: On master: COMMIT
[0m10:02:08.585931 [debug] [MainThread]: Using postgres connection "master"
[0m10:02:08.587338 [debug] [MainThread]: On master: COMMIT
[0m10:02:08.589057 [debug] [MainThread]: Opening a new connection, currently in state closed
[0m10:02:08.596552 [debug] [MainThread]: SQL status: COMMIT in 0.007 seconds
[0m10:02:08.598757 [debug] [MainThread]: On master: Close
[0m10:02:08.600891 [debug] [MainThread]: Connection 'master' was properly closed.
[0m10:02:08.603006 [debug] [MainThread]: Connection 'model.data_connector_dbt.stg_csv' was properly closed.
[0m10:02:08.604771 [info ] [MainThread]: 
[0m10:02:08.606537 [info ] [MainThread]: Finished running 1 view model in 0 hours 0 minutes and 0.33 seconds (0.33s).
[0m10:02:08.611170 [debug] [MainThread]: Command end result
[0m10:02:08.680847 [debug] [MainThread]: Wrote artifact WritableManifest to /usr/app/dbt/target/manifest.json
[0m10:02:08.690626 [debug] [MainThread]: Wrote artifact SemanticManifest to /usr/app/dbt/target/semantic_manifest.json
[0m10:02:08.708690 [debug] [MainThread]: Wrote artifact RunExecutionResult to /usr/app/dbt/target/run_results.json
[0m10:02:08.711397 [info ] [MainThread]: 
[0m10:02:08.713244 [info ] [MainThread]: [31mCompleted with 1 error, 0 partial successes, and 0 warnings:[0m
[0m10:02:08.715285 [info ] [MainThread]: 
[0m10:02:08.717302 [error] [MainThread]: [31mFailure in model stg_csv (models/staging/stg_csv.sql)[0m
[0m10:02:08.719699 [error] [MainThread]:   Database Error in model stg_csv (models/staging/stg_csv.sql)
  relation "raw.tbl_user_csv" does not exist
  LINE 10: from "airflow"."raw"."tbl_user_csv"
                ^
  compiled code at target/run/data_connector_dbt/models/staging/stg_csv.sql
[0m10:02:08.722010 [info ] [MainThread]: 
[0m10:02:08.727260 [info ] [MainThread]:   compiled code at target/compiled/data_connector_dbt/models/staging/stg_csv.sql
[0m10:02:08.729608 [info ] [MainThread]: 
[0m10:02:08.731817 [info ] [MainThread]: Done. PASS=0 WARN=0 ERROR=1 SKIP=0 NO-OP=0 TOTAL=1
[0m10:02:08.734423 [debug] [MainThread]: Resource report: {"command_name": "run", "command_success": false, "command_wall_clock_time": 2.4777932, "process_in_blocks": "0", "process_kernel_time": 0.515061, "process_mem_max_rss": "134552", "process_out_blocks": "0", "process_user_time": 3.789095}
[0m10:02:08.736949 [debug] [MainThread]: Command `dbt run` failed at 10:02:08.736684 after 2.48 seconds
[0m10:02:08.739326 [debug] [MainThread]: Sending event: {'category': 'dbt', 'action': 'invocation', 'label': 'end', 'context': [<snowplow_tracker.self_describing_json.SelfDescribingJson object at 0x72d522af4510>, <snowplow_tracker.self_describing_json.SelfDescribingJson object at 0x72d526945bd0>, <snowplow_tracker.self_describing_json.SelfDescribingJson object at 0x72d521df3fd0>]}
[0m10:02:08.741143 [debug] [MainThread]: Flushing usage events
[0m10:02:10.996748 [debug] [MainThread]: An error was encountered while trying to flush usage events
[0m10:35:39.088799 [debug] [MainThread]: Sending event: {'category': 'dbt', 'action': 'invocation', 'label': 'start', 'context': [<snowplow_tracker.self_describing_json.SelfDescribingJson object at 0x7e8581e04390>, <snowplow_tracker.self_describing_json.SelfDescribingJson object at 0x7e8581d424d0>, <snowplow_tracker.self_describing_json.SelfDescribingJson object at 0x7e8581dfce50>]}


============================== 10:35:39.094522 | fbd78e49-ac58-4110-baa1-d46bca293ace ==============================
[0m10:35:39.094522 [info ] [MainThread]: Running with dbt=1.11.11
[0m10:35:39.096378 [debug] [MainThread]: running dbt with arguments {'cache_selected_only': 'False', 'indirect_selection': 'eager', 'use_colors': 'True', 'static_parser': 'True', 'write_json': 'True', 'log_format': 'default', 'fail_fast': 'False', 'version_check': 'True', 'target_path': 'None', 'warn_error_options': 'WarnErrorOptionsV2(error=[], warn=[], silence=[])', 'log_cache_events': 'False', 'partial_parse': 'True', 'send_anonymous_usage_stats': 'True', 'no_print': 'None', 'printer_width': '80', 'introspect': 'True', 'empty': 'False', 'log_path': '/usr/app/dbt/logs', 'use_experimental_parser': 'False', 'debug': 'False', 'quiet': 'False', 'invocation_command': 'dbt run', 'warn_error': 'None', 'profiles_dir': '/usr/app/dbt'}
[0m10:35:39.282239 [debug] [MainThread]: Sending event: {'category': 'dbt', 'action': 'project_id', 'label': 'fbd78e49-ac58-4110-baa1-d46bca293ace', 'context': [<snowplow_tracker.self_describing_json.SelfDescribingJson object at 0x7e8581b1add0>]}
[0m10:35:39.347413 [debug] [MainThread]: Sending event: {'category': 'dbt', 'action': 'adapter_info', 'label': 'fbd78e49-ac58-4110-baa1-d46bca293ace', 'context': [<snowplow_tracker.self_describing_json.SelfDescribingJson object at 0x7e8584dac250>]}
[0m10:35:39.349186 [info ] [MainThread]: Registered adapter: postgres=1.10.2
[0m10:35:39.447865 [debug] [MainThread]: checksum: 30a8cc8fdcbf66701b0944d4ccce3fa46dd04b61e5df68b9f16d57b2e0e3f0be, vars: {}, profile: , target: , version: 1.11.11
[0m10:35:39.765405 [debug] [MainThread]: Partial parsing enabled: 0 files deleted, 0 files added, 0 files changed.
[0m10:35:39.767482 [debug] [MainThread]: Nothing changed, skipping partial parsing.
[0m10:35:39.768956 [debug] [MainThread]: Partial parsing enabled, no changes found, skipping parsing
[0m10:35:39.775730 [warn ] [MainThread]: [[33mWARNING[0m]: Configuration paths exist in your dbt_project.yml file which do not apply to any resources.
There are 2 unused configuration paths:
- models.data_connector_dbt.marts
- models.data_connector_dbt.intermediate
[0m10:35:39.810677 [debug] [MainThread]: Sending event: {'category': 'dbt', 'action': 'load_project', 'label': 'fbd78e49-ac58-4110-baa1-d46bca293ace', 'context': [<snowplow_tracker.self_describing_json.SelfDescribingJson object at 0x7e8580fef550>]}
[0m10:35:40.001282 [debug] [MainThread]: Wrote artifact WritableManifest to /usr/app/dbt/target/manifest.json
[0m10:35:40.010637 [debug] [MainThread]: Wrote artifact SemanticManifest to /usr/app/dbt/target/semantic_manifest.json
[0m10:35:40.034173 [debug] [MainThread]: Sending event: {'category': 'dbt', 'action': 'resource_counts', 'label': 'fbd78e49-ac58-4110-baa1-d46bca293ace', 'context': [<snowplow_tracker.self_describing_json.SelfDescribingJson object at 0x7e857ff96710>]}
[0m10:35:40.036173 [info ] [MainThread]: Found 1 model, 1 source, 475 macros
[0m10:35:40.038971 [debug] [MainThread]: Sending event: {'category': 'dbt', 'action': 'runnable_timing', 'label': 'fbd78e49-ac58-4110-baa1-d46bca293ace', 'context': [<snowplow_tracker.self_describing_json.SelfDescribingJson object at 0x7e857fb67e10>]}
[0m10:35:40.044988 [info ] [MainThread]: 
[0m10:35:40.047186 [info ] [MainThread]: Concurrency: 4 threads (target='dev')
[0m10:35:40.049582 [info ] [MainThread]: 
[0m10:35:40.052420 [debug] [MainThread]: Acquiring new postgres connection 'master'
[0m10:35:40.055546 [debug] [ThreadPool]: Acquiring new postgres connection 'list_airflow'
[0m10:35:40.096505 [debug] [ThreadPool]: Using postgres connection "list_airflow"
[0m10:35:40.098105 [debug] [ThreadPool]: On list_airflow: /* {"app": "dbt", "dbt_version": "1.11.11", "profile_name": "data_connector", "target_name": "dev", "connection_name": "list_airflow"} */

    select distinct nspname from pg_namespace
  
[0m10:35:40.099349 [debug] [ThreadPool]: Opening a new connection, currently in state init
[0m10:35:40.110772 [debug] [ThreadPool]: SQL status: SELECT 8 in 0.011 seconds
[0m10:35:40.113106 [debug] [ThreadPool]: On list_airflow: Close
[0m10:35:40.116164 [debug] [ThreadPool]: Re-using an available connection from the pool (formerly list_airflow, now list_airflow_raw)
[0m10:35:40.122942 [debug] [ThreadPool]: Using postgres connection "list_airflow_raw"
[0m10:35:40.124838 [debug] [ThreadPool]: On list_airflow_raw: /* {"app": "dbt", "dbt_version": "1.11.11", "profile_name": "data_connector", "target_name": "dev", "connection_name": "list_airflow_raw"} */
select
      'airflow' as database,
      tablename as name,
      schemaname as schema,
      'table' as type
    from pg_tables
    where schemaname ilike 'raw'
    union all
    select
      'airflow' as database,
      viewname as name,
      schemaname as schema,
      'view' as type
    from pg_views
    where schemaname ilike 'raw'
    union all
    select
      'airflow' as database,
      matviewname as name,
      schemaname as schema,
      'materialized_view' as type
    from pg_matviews
    where schemaname ilike 'raw'
  
[0m10:35:40.126844 [debug] [ThreadPool]: Opening a new connection, currently in state closed
[0m10:35:40.136629 [debug] [ThreadPool]: SQL status: SELECT 1 in 0.010 seconds
[0m10:35:40.139199 [debug] [ThreadPool]: On list_airflow_raw: ROLLBACK
[0m10:35:40.141145 [debug] [ThreadPool]: On list_airflow_raw: Close
[0m10:35:40.147112 [debug] [MainThread]: Using postgres connection "master"
[0m10:35:40.148764 [debug] [MainThread]: On master: /* {"app": "dbt", "dbt_version": "1.11.11", "profile_name": "data_connector", "target_name": "dev", "connection_name": "master"} */
select distinct
        dependent_namespace.nspname as dependent_schema,
        dependent_class.relname as dependent_name,
        referenced_namespace.nspname as referenced_schema,
        referenced_class.relname as referenced_name

    -- Query for views: views are entries in pg_class with an entry in pg_rewrite, but we avoid
    -- a seq scan on pg_rewrite by leveraging the fact there is an "internal" row in pg_depend for
    -- the view...
    from pg_class as dependent_class
    join pg_namespace as dependent_namespace on dependent_namespace.oid = dependent_class.relnamespace
    join pg_depend as dependent_depend on dependent_depend.refobjid = dependent_class.oid
        and dependent_depend.classid = 'pg_rewrite'::regclass
        and dependent_depend.refclassid = 'pg_class'::regclass
        and dependent_depend.deptype = 'i'

    -- ... and via pg_depend (that has a row per column, hence the need for "distinct" above, and
    -- making sure to exclude the internal row to avoid a view appearing to depend on itself)...
    join pg_depend as joining_depend on joining_depend.objid = dependent_depend.objid
        and joining_depend.classid = 'pg_rewrite'::regclass
        and joining_depend.refclassid = 'pg_class'::regclass
        and joining_depend.refobjid != dependent_depend.refobjid

    -- ... we can find the tables they query from in pg_class, but excluding system tables. Note we
    -- don't need need to exclude _dependent_ system tables, because they only query from other
    -- system tables, and so are automatically excluded by excluding _referenced_ system tables
    join pg_class as referenced_class on referenced_class.oid = joining_depend.refobjid
    join pg_namespace as referenced_namespace on referenced_namespace.oid = referenced_class.relnamespace
        and referenced_namespace.nspname != 'information_schema'
        and referenced_namespace.nspname not like 'pg\_%'

    order by
        dependent_schema, dependent_name, referenced_schema, referenced_name;
[0m10:35:40.150441 [debug] [MainThread]: Opening a new connection, currently in state init
[0m10:35:40.160084 [debug] [MainThread]: SQL status: SELECT 0 in 0.010 seconds
[0m10:35:40.162254 [debug] [MainThread]: Sending event: {'category': 'dbt', 'action': 'runnable_timing', 'label': 'fbd78e49-ac58-4110-baa1-d46bca293ace', 'context': [<snowplow_tracker.self_describing_json.SelfDescribingJson object at 0x7e857fb07250>]}
[0m10:35:40.163597 [debug] [MainThread]: On master: ROLLBACK
[0m10:35:40.165028 [debug] [MainThread]: On master: COMMIT
[0m10:35:40.166428 [debug] [MainThread]: Using postgres connection "master"
[0m10:35:40.168195 [debug] [MainThread]: On master: COMMIT
[0m10:35:40.169648 [debug] [MainThread]: SQL status: COMMIT in 0.000 seconds
[0m10:35:40.170717 [debug] [MainThread]: On master: Close
[0m10:35:40.179388 [debug] [Thread-1 (]: Began running node model.data_connector_dbt.stg_csv
[0m10:35:40.180895 [info ] [Thread-1 (]: 1 of 1 START sql view model raw.stg_csv ........................................ [RUN]
[0m10:35:40.182744 [debug] [Thread-1 (]: Re-using an available connection from the pool (formerly list_airflow_raw, now model.data_connector_dbt.stg_csv)
[0m10:35:40.184184 [debug] [Thread-1 (]: Began compiling node model.data_connector_dbt.stg_csv
[0m10:35:40.193308 [debug] [Thread-1 (]: Writing injected SQL for node "model.data_connector_dbt.stg_csv"
[0m10:35:40.207608 [debug] [Thread-1 (]: Began executing node model.data_connector_dbt.stg_csv
[0m10:35:40.254522 [debug] [Thread-1 (]: Writing runtime sql for node "model.data_connector_dbt.stg_csv"
[0m10:35:40.269803 [debug] [Thread-1 (]: Using postgres connection "model.data_connector_dbt.stg_csv"
[0m10:35:40.271580 [debug] [Thread-1 (]: On model.data_connector_dbt.stg_csv: /* {"app": "dbt", "dbt_version": "1.11.11", "profile_name": "data_connector", "target_name": "dev", "node_id": "model.data_connector_dbt.stg_csv"} */

  create view "airflow"."raw"."stg_csv__dbt_tmp"
    
    
  as (
    -- models/staging/stg_orders.sql

select *
from "airflow"."raw"."tbl_user_csv"
  );
[0m10:35:40.273037 [debug] [Thread-1 (]: Opening a new connection, currently in state closed
[0m10:35:40.287182 [debug] [Thread-1 (]: SQL status: CREATE VIEW in 0.014 seconds
[0m10:35:40.295981 [debug] [Thread-1 (]: Using postgres connection "model.data_connector_dbt.stg_csv"
[0m10:35:40.297311 [debug] [Thread-1 (]: On model.data_connector_dbt.stg_csv: /* {"app": "dbt", "dbt_version": "1.11.11", "profile_name": "data_connector", "target_name": "dev", "node_id": "model.data_connector_dbt.stg_csv"} */
alter table "airflow"."raw"."stg_csv__dbt_tmp" rename to "stg_csv"
[0m10:35:40.300222 [debug] [Thread-1 (]: SQL status: ALTER TABLE in 0.001 seconds
[0m10:35:40.322694 [debug] [Thread-1 (]: On model.data_connector_dbt.stg_csv: COMMIT
[0m10:35:40.324720 [debug] [Thread-1 (]: Using postgres connection "model.data_connector_dbt.stg_csv"
[0m10:35:40.328703 [debug] [Thread-1 (]: On model.data_connector_dbt.stg_csv: COMMIT
[0m10:35:40.332099 [debug] [Thread-1 (]: SQL status: COMMIT in 0.002 seconds
[0m10:35:40.343152 [debug] [Thread-1 (]: Applying DROP to: "airflow"."raw"."stg_csv__dbt_backup"
[0m10:35:40.350345 [debug] [Thread-1 (]: Using postgres connection "model.data_connector_dbt.stg_csv"
[0m10:35:40.352037 [debug] [Thread-1 (]: On model.data_connector_dbt.stg_csv: /* {"app": "dbt", "dbt_version": "1.11.11", "profile_name": "data_connector", "target_name": "dev", "node_id": "model.data_connector_dbt.stg_csv"} */
drop view if exists "airflow"."raw"."stg_csv__dbt_backup" cascade
[0m10:35:40.354965 [debug] [Thread-1 (]: SQL status: DROP VIEW in 0.001 seconds
[0m10:35:40.360379 [debug] [Thread-1 (]: On model.data_connector_dbt.stg_csv: Close
[0m10:35:40.365137 [debug] [Thread-1 (]: Sending event: {'category': 'dbt', 'action': 'run_model', 'label': 'fbd78e49-ac58-4110-baa1-d46bca293ace', 'context': [<snowplow_tracker.self_describing_json.SelfDescribingJson object at 0x7e8584c5c9d0>]}
[0m10:35:40.367807 [info ] [Thread-1 (]: 1 of 1 OK created sql view model raw.stg_csv ................................... [[32mCREATE VIEW[0m in 0.18s]
[0m10:35:40.369903 [debug] [Thread-1 (]: Finished running node model.data_connector_dbt.stg_csv
[0m10:35:40.373787 [debug] [MainThread]: On master: COMMIT
[0m10:35:40.375391 [debug] [MainThread]: Using postgres connection "master"
[0m10:35:40.377531 [debug] [MainThread]: On master: COMMIT
[0m10:35:40.379113 [debug] [MainThread]: Opening a new connection, currently in state closed
[0m10:35:40.384711 [debug] [MainThread]: SQL status: COMMIT in 0.006 seconds
[0m10:35:40.386162 [debug] [MainThread]: On master: Close
[0m10:35:40.387737 [debug] [MainThread]: Connection 'master' was properly closed.
[0m10:35:40.389275 [debug] [MainThread]: Connection 'model.data_connector_dbt.stg_csv' was properly closed.
[0m10:35:40.390944 [info ] [MainThread]: 
[0m10:35:40.394732 [info ] [MainThread]: Finished running 1 view model in 0 hours 0 minutes and 0.34 seconds (0.34s).
[0m10:35:40.397758 [debug] [MainThread]: Command end result
[0m10:35:40.466099 [debug] [MainThread]: Wrote artifact WritableManifest to /usr/app/dbt/target/manifest.json
[0m10:35:40.475312 [debug] [MainThread]: Wrote artifact SemanticManifest to /usr/app/dbt/target/semantic_manifest.json
[0m10:35:40.494728 [debug] [MainThread]: Wrote artifact RunExecutionResult to /usr/app/dbt/target/run_results.json
[0m10:35:40.496791 [info ] [MainThread]: 
[0m10:35:40.498973 [info ] [MainThread]: [32mCompleted successfully[0m
[0m10:35:40.501475 [info ] [MainThread]: 
[0m10:35:40.508479 [info ] [MainThread]: Done. PASS=1 WARN=0 ERROR=0 SKIP=0 NO-OP=0 TOTAL=1
[0m10:35:40.513807 [debug] [MainThread]: Resource report: {"command_name": "run", "command_success": true, "command_wall_clock_time": 1.5271631, "process_in_blocks": "0", "process_kernel_time": 0.357461, "process_mem_max_rss": "129240", "process_out_blocks": "0", "process_user_time": 2.25598}
[0m10:35:40.515594 [debug] [MainThread]: Command `dbt run` succeeded at 10:35:40.515407 after 1.53 seconds
[0m10:35:40.517058 [debug] [MainThread]: Sending event: {'category': 'dbt', 'action': 'invocation', 'label': 'end', 'context': [<snowplow_tracker.self_describing_json.SelfDescribingJson object at 0x7e8581f97b10>, <snowplow_tracker.self_describing_json.SelfDescribingJson object at 0x7e8581cefdd0>, <snowplow_tracker.self_describing_json.SelfDescribingJson object at 0x7e8581d42790>]}
[0m10:35:40.518577 [debug] [MainThread]: Flushing usage events
[0m10:35:41.745443 [debug] [MainThread]: An error was encountered while trying to flush usage events
